
     Program PWSCF v.7.1 starts on 23Oct2023 at 12:53:35 

     This program is part of the open-source Quantum ESPRESSO suite
     for quantum simulation of materials; please cite
         "P. Giannozzi et al., J. Phys.:Condens. Matter 21 395502 (2009);
         "P. Giannozzi et al., J. Phys.:Condens. Matter 29 465901 (2017);
         "P. Giannozzi et al., J. Chem. Phys. 152 154105 (2020);
          URL http://www.quantum-espresso.org", 
     in publications or presentations arising from this work. More details at
     http://www.quantum-espresso.org/quote

     Serial version
     0 MiB available memory on the printing compute node when the environment starts

     Waiting for input...
     Reading input from standard input
Warning: card &CELL ignored
Warning: card / ignored

     Current dimensions of program PWSCF are:
     Max number of different atomic species (ntypx) = 10
     Max number of k-points (npk) =  40000
     Max angular momentum in pseudopotentials (lmaxx) =  4
     Message from routine setup:
     using ibrav=0 with symmetry is DISCOURAGED, use correct ibrav instead


     G-vector sticks info
     --------------------
     sticks:   dense  smooth     PW     G-vecs:    dense   smooth      PW
     Sum        9085    4537   1129               652671   230389   28671

     Using Slab Decomposition



     bravais-lattice index     =            0
     lattice parameter (alat)  =      18.8973  a.u.
     unit-cell volume          =    6748.3345 (a.u.)^3
     number of atoms/cell      =            3
     number of atomic types    =            2
     number of electrons       =         8.00
     number of Kohn-Sham states=            4
     kinetic-energy cutoff     =      40.0000  Ry
     charge density cutoff     =     320.0000  Ry
     scf convergence threshold =      1.0E-06
     mixing beta               =       0.7000
     number of iterations used =            8  plain     mixing
     Exchange-correlation= PBE
                           (   1   4   3   4   0   0   0)

     celldm(1)=  18.897261  celldm(2)=   0.000000  celldm(3)=   0.000000
     celldm(4)=   0.000000  celldm(5)=   0.000000  celldm(6)=   0.000000

     crystal axes: (cart. coord. in units of alat)
               a(1) = (   1.000000   0.000000   0.000000 )  
               a(2) = (   0.000000   1.000000   0.000000 )  
               a(3) = (   0.000000   0.000000   1.000000 )  

     reciprocal axes: (cart. coord. in units 2 pi/alat)
               b(1) = (  1.000000  0.000000  0.000000 )  
               b(2) = (  0.000000  1.000000  0.000000 )  
               b(3) = (  0.000000  0.000000  1.000000 )  


     PseudoPot. # 1 for H  read from file:
     /Users/genmasahiko/Program/pp/H.pbe-rrkjus_psl.1.0.0.UPF
     MD5 check sum: 3f4114867bd07edc7f1424d066fc1888
     Pseudo is Ultrasoft, Zval =  1.0
     Generated using &quot;atomic&quot; code by A. Dal Corso  v.6.3MaX
     Using radial grid of  929 points,  2 beta functions with: 
                l(1) =   0
                l(2) =   0
     Q(r) pseudized with 0 coefficients 


     PseudoPot. # 2 for O  read from file:
     /Users/genmasahiko/Program/pp/O.pbe-n-rrkjus_psl.1.0.0.UPF
     MD5 check sum: 91400c9766925bcf19f520983a725ff0
     Pseudo is Ultrasoft + core correction, Zval =  6.0
     Generated using &quot;atomic&quot; code by A. Dal Corso  v.6.3MaX
     Using radial grid of 1095 points,  4 beta functions with: 
                l(1) =   0
                l(2) =   0
                l(3) =   1
                l(4) =   1
     Q(r) pseudized with 0 coefficients 


     atomic species   valence    mass     pseudopotential
        H              1.00     1.00800     H ( 1.00)
        O              6.00    15.99900     O ( 1.00)

      2 Sym. Ops. (no inversion) found



   Cartesian axes

     site n.     atom                  positions (alat units)
         1           O   tau(   1) = (   0.0000000  -0.0006680   0.0010000  )
         2           H   tau(   2) = (   0.0768012   0.0589340   0.0000000  )
         3           H   tau(   3) = (  -0.0768012   0.0589340   0.0000000  )

     number of k points=     1
                       cart. coord. in units 2pi/alat
        k(    1) = (   0.0000000   0.0000000   0.0000000), wk =   2.0000000

     Dense  grid:   652671 G-vectors     FFT dimensions: ( 108, 108, 108)

     Smooth grid:   230389 G-vectors     FFT dimensions: (  80,  80,  80)

     Estimated max dynamical RAM per process >     855.49 MB

     Initial potential from superposition of free atoms

     starting charge       8.0000, renormalised to       8.0000

     negative rho (up, down):  1.463E-03 0.000E+00
     Starting wfcs are    6 randomized atomic wfcs

     total cpu time spent up to now is        1.8 secs

     Self-consistent Calculation

     iteration #  1     ecut=    40.00 Ry     beta= 0.70
     Davidson diagonalization with overlap
     ethr =  1.00E-02,  avg # of iterations =  3.0

     negative rho (up, down):  1.933E-03 0.000E+00

     total cpu time spent up to now is        3.2 secs

     total energy              =     -34.54224496 Ry
     estimated scf accuracy    <       0.49644498 Ry

     iteration #  2     ecut=    40.00 Ry     beta= 0.70
     Davidson diagonalization with overlap
     ethr =  6.21E-03,  avg # of iterations =  4.0

     negative rho (up, down):  2.221E-03 0.000E+00

     total cpu time spent up to now is        4.6 secs

     total energy              =     -34.75783082 Ry
     estimated scf accuracy    <       0.12467218 Ry

     iteration #  3     ecut=    40.00 Ry     beta= 0.70
     Davidson diagonalization with overlap
     ethr =  1.56E-03,  avg # of iterations =  3.0

     negative rho (up, down):  2.446E-03 0.000E+00

     total cpu time spent up to now is        6.0 secs

     total energy              =     -34.76718476 Ry
     estimated scf accuracy    <       0.03253459 Ry

     iteration #  4     ecut=    40.00 Ry     beta= 0.70
     Davidson diagonalization with overlap
     ethr =  4.07E-04,  avg # of iterations =  2.0

     negative rho (up, down):  1.914E-03 0.000E+00

     total cpu time spent up to now is        7.6 secs

     total energy              =     -34.77487222 Ry
     estimated scf accuracy    <       0.00132620 Ry

     iteration #  5     ecut=    40.00 Ry     beta= 0.70
     Davidson diagonalization with overlap
     ethr =  1.66E-05,  avg # of iterations =  7.0

     negative rho (up, down):  1.922E-03 0.000E+00

     total cpu time spent up to now is        9.1 secs

     total energy              =     -34.77661516 Ry
     estimated scf accuracy    <       0.00287436 Ry

     iteration #  6     ecut=    40.00 Ry     beta= 0.70
     Davidson diagonalization with overlap
     ethr =  1.66E-05,  avg # of iterations =  5.0

     negative rho (up, down):  1.908E-03 0.000E+00

     total cpu time spent up to now is       10.6 secs

     total energy              =     -34.77726458 Ry
     estimated scf accuracy    <       0.00003030 Ry

     iteration #  7     ecut=    40.00 Ry     beta= 0.70
     Davidson diagonalization with overlap
     ethr =  3.79E-07,  avg # of iterations =  9.0

     negative rho (up, down):  1.895E-03 0.000E+00

     total cpu time spent up to now is       12.2 secs

     total energy              =     -34.77739521 Ry
     estimated scf accuracy    <       0.00031988 Ry

     iteration #  8     ecut=    40.00 Ry     beta= 0.70
     Davidson diagonalization with overlap
     ethr =  3.79E-07,  avg # of iterations =  4.0

     negative rho (up, down):  1.896E-03 0.000E+00

     total cpu time spent up to now is       13.6 secs

     total energy              =     -34.77733960 Ry
     estimated scf accuracy    <       0.00013061 Ry

     iteration #  9     ecut=    40.00 Ry     beta= 0.70
     Davidson diagonalization with overlap
     ethr =  3.79E-07,  avg # of iterations =  7.0

     negative rho (up, down):  1.902E-03 0.000E+00

     total cpu time spent up to now is       15.1 secs

     total energy              =     -34.77738066 Ry
     estimated scf accuracy    <       0.00000504 Ry

     iteration # 10     ecut=    40.00 Ry     beta= 0.70
     Davidson diagonalization with overlap
     ethr =  6.30E-08,  avg # of iterations =  4.0

     negative rho (up, down):  1.903E-03 0.000E+00

     total cpu time spent up to now is       16.4 secs

     total energy              =     -34.77737946 Ry
     estimated scf accuracy    <       0.00000777 Ry

     iteration # 11     ecut=    40.00 Ry     beta= 0.70
     Davidson diagonalization with overlap
     ethr =  6.30E-08,  avg # of iterations =  3.0

     negative rho (up, down):  1.904E-03 0.000E+00

     total cpu time spent up to now is       17.6 secs

     End of self-consistent calculation

          k = 0.0000 0.0000 0.0000 ( 28671 PWs)   bands (ev):

   -25.1684 -12.9504  -9.1701  -7.0998

     highest occupied level (ev):    -7.0998

!    total energy              =     -34.77738022 Ry
     estimated scf accuracy    <       0.00000054 Ry

     The total energy is the sum of the following terms:
     one-electron contribution =     -63.24717820 Ry
     hartree contribution      =      33.14647085 Ry
     xc contribution           =      -8.85036813 Ry
     ewald contribution        =       4.17369526 Ry

     convergence has been achieved in  11 iterations

     negative rho (up, down):  1.904E-03 0.000E+00

     Forces acting on atoms (cartesian axes, Ry/au):

     atom    1 type  2   force =     0.00000000   -0.00030721    0.00003593
     atom    2 type  1   force =    -0.00042045    0.00015360   -0.00001796
     atom    3 type  1   force =     0.00042045    0.00015360   -0.00001796

     Total force =     0.000705     Total SCF correction =     0.000509
     SCF correction compared to forces is large: reduce conv_thr to get better values

     Writing all to output data dir ./data/scf.save/

     init_run     :      1.41s CPU      1.69s WALL (       1 calls)
     electrons    :     15.38s CPU     15.93s WALL (       1 calls)
     forces       :      0.97s CPU      1.02s WALL (       1 calls)

     Called by init_run:
     wfcinit      :      0.09s CPU      0.09s WALL (       1 calls)
     potinit      :      0.50s CPU      0.58s WALL (       1 calls)
     hinit0       :      0.26s CPU      0.28s WALL (       1 calls)

     Called by electrons:
     c_bands      :      2.54s CPU      2.47s WALL (      11 calls)
     sum_band     :      4.61s CPU      4.42s WALL (      11 calls)
     v_of_rho     :      4.57s CPU      4.88s WALL (      12 calls)
     newd         :      3.03s CPU      3.45s WALL (      12 calls)
     mix_rho      :      0.82s CPU      1.02s WALL (      11 calls)

     Called by c_bands:
     init_us_2    :      0.06s CPU      0.07s WALL (      23 calls)
     init_us_2:cp :      0.06s CPU      0.06s WALL (      23 calls)
     cegterg      :      2.47s CPU      2.40s WALL (      11 calls)

     Called by *egterg:
     cdiaghg      :      0.00s CPU      0.00s WALL (      62 calls)
     h_psi        :      2.19s CPU      2.21s WALL (      63 calls)
     s_psi        :      0.07s CPU      0.03s WALL (      63 calls)
     g_psi        :      0.01s CPU      0.01s WALL (      51 calls)

     Called by h_psi:
     h_psi:calbec :      0.06s CPU      0.07s WALL (      63 calls)
     vloc_psi     :      2.05s CPU      2.08s WALL (      63 calls)
     add_vuspsi   :      0.07s CPU      0.04s WALL (      63 calls)

     General routines
     calbec       :      0.08s CPU      0.10s WALL (      78 calls)
     fft          :      3.35s CPU      3.38s WALL (     165 calls)
     ffts         :      0.18s CPU      0.19s WALL (      23 calls)
     fftw         :      2.00s CPU      2.02s WALL (     430 calls)
     interpolate  :      0.43s CPU      0.46s WALL (      12 calls)


     PWSCF        :     17.84s CPU     18.78s WALL


   This run was terminated on:  12:53:53  23Oct2023            

=------------------------------------------------------------------------------=
   JOB DONE.
=------------------------------------------------------------------------------=
