
     Program PWSCF v.7.1 starts on 23Oct2023 at 12:51:56 

     This program is part of the open-source Quantum ESPRESSO suite
     for quantum simulation of materials; please cite
         "P. Giannozzi et al., J. Phys.:Condens. Matter 21 395502 (2009);
         "P. Giannozzi et al., J. Phys.:Condens. Matter 29 465901 (2017);
         "P. Giannozzi et al., J. Chem. Phys. 152 154105 (2020);
          URL http://www.quantum-espresso.org", 
     in publications or presentations arising from this work. More details at
     http://www.quantum-espresso.org/quote

     Serial version
     0 MiB available memory on the printing compute node when the environment starts

     Waiting for input...
     Reading input from standard input
Warning: card &CELL ignored
Warning: card / ignored

     Current dimensions of program PWSCF are:
     Max number of different atomic species (ntypx) = 10
     Max number of k-points (npk) =  40000
     Max angular momentum in pseudopotentials (lmaxx) =  4
     Message from routine setup:
     using ibrav=0 with symmetry is DISCOURAGED, use correct ibrav instead


     G-vector sticks info
     --------------------
     sticks:   dense  smooth     PW     G-vecs:    dense   smooth      PW
     Sum        9085    4537   1129               652671   230389   28671

     Using Slab Decomposition



     bravais-lattice index     =            0
     lattice parameter (alat)  =      18.8973  a.u.
     unit-cell volume          =    6748.3345 (a.u.)^3
     number of atoms/cell      =            3
     number of atomic types    =            2
     number of electrons       =         8.00
     number of Kohn-Sham states=            4
     kinetic-energy cutoff     =      40.0000  Ry
     charge density cutoff     =     320.0000  Ry
     scf convergence threshold =      1.0E-06
     mixing beta               =       0.7000
     number of iterations used =            8  plain     mixing
     Exchange-correlation= PBE
                           (   1   4   3   4   0   0   0)

     celldm(1)=  18.897261  celldm(2)=   0.000000  celldm(3)=   0.000000
     celldm(4)=   0.000000  celldm(5)=   0.000000  celldm(6)=   0.000000

     crystal axes: (cart. coord. in units of alat)
               a(1) = (   1.000000   0.000000   0.000000 )  
               a(2) = (   0.000000   1.000000   0.000000 )  
               a(3) = (   0.000000   0.000000   1.000000 )  

     reciprocal axes: (cart. coord. in units 2 pi/alat)
               b(1) = (  1.000000  0.000000  0.000000 )  
               b(2) = (  0.000000  1.000000  0.000000 )  
               b(3) = (  0.000000  0.000000  1.000000 )  


     PseudoPot. # 1 for H  read from file:
     /Users/genmasahiko/Program/pp/H.pbe-rrkjus_psl.1.0.0.UPF
     MD5 check sum: 3f4114867bd07edc7f1424d066fc1888
     Pseudo is Ultrasoft, Zval =  1.0
     Generated using &quot;atomic&quot; code by A. Dal Corso  v.6.3MaX
     Using radial grid of  929 points,  2 beta functions with: 
                l(1) =   0
                l(2) =   0
     Q(r) pseudized with 0 coefficients 


     PseudoPot. # 2 for O  read from file:
     /Users/genmasahiko/Program/pp/O.pbe-n-rrkjus_psl.1.0.0.UPF
     MD5 check sum: 91400c9766925bcf19f520983a725ff0
     Pseudo is Ultrasoft + core correction, Zval =  6.0
     Generated using &quot;atomic&quot; code by A. Dal Corso  v.6.3MaX
     Using radial grid of 1095 points,  4 beta functions with: 
                l(1) =   0
                l(2) =   0
                l(3) =   1
                l(4) =   1
     Q(r) pseudized with 0 coefficients 


     atomic species   valence    mass     pseudopotential
        H              1.00     1.00800     H ( 1.00)
        O              6.00    15.99900     O ( 1.00)

      4 Sym. Ops. (no inversion) found



   Cartesian axes

     site n.     atom                  positions (alat units)
         1           O   tau(   1) = (   0.0000000  -0.0006680   0.0000000  )
         2           H   tau(   2) = (   0.0768012   0.0589340   0.0000000  )
         3           H   tau(   3) = (  -0.0768012   0.0589340   0.0000000  )

     number of k points=     1
                       cart. coord. in units 2pi/alat
        k(    1) = (   0.0000000   0.0000000   0.0000000), wk =   2.0000000

     Dense  grid:   652671 G-vectors     FFT dimensions: ( 108, 108, 108)

     Smooth grid:   230389 G-vectors     FFT dimensions: (  80,  80,  80)

     Estimated max dynamical RAM per process >     855.49 MB

     Initial potential from superposition of free atoms

     starting charge       8.0000, renormalised to       8.0000

     negative rho (up, down):  1.465E-03 0.000E+00
     Starting wfcs are    6 randomized atomic wfcs

     total cpu time spent up to now is        1.6 secs

     Self-consistent Calculation

     iteration #  1     ecut=    40.00 Ry     beta= 0.70
     Davidson diagonalization with overlap
     ethr =  1.00E-02,  avg # of iterations =  3.0

     negative rho (up, down):  1.934E-03 0.000E+00

     total cpu time spent up to now is        2.8 secs

     total energy              =     -34.54221082 Ry
     estimated scf accuracy    <       0.49651056 Ry

     iteration #  2     ecut=    40.00 Ry     beta= 0.70
     Davidson diagonalization with overlap
     ethr =  6.21E-03,  avg # of iterations =  4.0

     negative rho (up, down):  2.221E-03 0.000E+00

     total cpu time spent up to now is        4.2 secs

     total energy              =     -34.75783157 Ry
     estimated scf accuracy    <       0.12468330 Ry

     iteration #  3     ecut=    40.00 Ry     beta= 0.70
     Davidson diagonalization with overlap
     ethr =  1.56E-03,  avg # of iterations =  3.0

     negative rho (up, down):  2.446E-03 0.000E+00

     total cpu time spent up to now is        5.4 secs

     total energy              =     -34.76718735 Ry
     estimated scf accuracy    <       0.03253107 Ry

     iteration #  4     ecut=    40.00 Ry     beta= 0.70
     Davidson diagonalization with overlap
     ethr =  4.07E-04,  avg # of iterations =  2.0

     negative rho (up, down):  1.916E-03 0.000E+00

     total cpu time spent up to now is        6.7 secs

     total energy              =     -34.77487296 Ry
     estimated scf accuracy    <       0.00132539 Ry

     iteration #  5     ecut=    40.00 Ry     beta= 0.70
     Davidson diagonalization with overlap
     ethr =  1.66E-05,  avg # of iterations =  7.0

     negative rho (up, down):  1.924E-03 0.000E+00

     total cpu time spent up to now is        8.1 secs

     total energy              =     -34.77661496 Ry
     estimated scf accuracy    <       0.00287344 Ry

     iteration #  6     ecut=    40.00 Ry     beta= 0.70
     Davidson diagonalization with overlap
     ethr =  1.66E-05,  avg # of iterations =  5.0

     negative rho (up, down):  1.909E-03 0.000E+00

     total cpu time spent up to now is        9.4 secs

     total energy              =     -34.77726474 Ry
     estimated scf accuracy    <       0.00003043 Ry

     iteration #  7     ecut=    40.00 Ry     beta= 0.70
     Davidson diagonalization with overlap
     ethr =  3.80E-07,  avg # of iterations =  9.0

     negative rho (up, down):  1.896E-03 0.000E+00

     total cpu time spent up to now is       10.9 secs

     total energy              =     -34.77739485 Ry
     estimated scf accuracy    <       0.00031982 Ry

     iteration #  8     ecut=    40.00 Ry     beta= 0.70
     Davidson diagonalization with overlap
     ethr =  3.80E-07,  avg # of iterations =  4.0

     negative rho (up, down):  1.898E-03 0.000E+00

     total cpu time spent up to now is       12.1 secs

     total energy              =     -34.77733969 Ry
     estimated scf accuracy    <       0.00013052 Ry

     iteration #  9     ecut=    40.00 Ry     beta= 0.70
     Davidson diagonalization with overlap
     ethr =  3.80E-07,  avg # of iterations =  7.0

     negative rho (up, down):  1.904E-03 0.000E+00

     total cpu time spent up to now is       13.6 secs

     total energy              =     -34.77738059 Ry
     estimated scf accuracy    <       0.00000485 Ry

     iteration # 10     ecut=    40.00 Ry     beta= 0.70
     Davidson diagonalization with overlap
     ethr =  6.06E-08,  avg # of iterations =  4.0

     negative rho (up, down):  1.905E-03 0.000E+00

     total cpu time spent up to now is       14.9 secs

     total energy              =     -34.77737947 Ry
     estimated scf accuracy    <       0.00000766 Ry

     iteration # 11     ecut=    40.00 Ry     beta= 0.70
     Davidson diagonalization with overlap
     ethr =  6.06E-08,  avg # of iterations =  3.0

     negative rho (up, down):  1.906E-03 0.000E+00

     total cpu time spent up to now is       16.1 secs

     End of self-consistent calculation

          k = 0.0000 0.0000 0.0000 ( 28671 PWs)   bands (ev):

   -25.1688 -12.9513  -9.1698  -7.1000

     highest occupied level (ev):    -7.1000

!    total energy              =     -34.77738016 Ry
     estimated scf accuracy    <       0.00000055 Ry

     The total energy is the sum of the following terms:
     one-electron contribution =     -63.24839327 Ry
     hartree contribution      =      33.14711099 Ry
     xc contribution           =      -8.85048170 Ry
     ewald contribution        =       4.17438381 Ry

     convergence has been achieved in  11 iterations

     negative rho (up, down):  1.906E-03 0.000E+00

     Forces acting on atoms (cartesian axes, Ry/au):

     atom    1 type  2   force =     0.00000000   -0.00038019    0.00000000
     atom    2 type  1   force =    -0.00036214    0.00019010    0.00000000
     atom    3 type  1   force =     0.00036214    0.00019010    0.00000000

     Total force =     0.000692     Total SCF correction =     0.000469
     SCF correction compared to forces is large: reduce conv_thr to get better values

     Writing all to output data dir ./data/scf.save/

     init_run     :      1.30s CPU      1.52s WALL (       1 calls)
     electrons    :     14.33s CPU     14.54s WALL (       1 calls)
     forces       :      0.98s CPU      1.02s WALL (       1 calls)

     Called by init_run:
     wfcinit      :      0.08s CPU      0.08s WALL (       1 calls)
     potinit      :      0.47s CPU      0.53s WALL (       1 calls)
     hinit0       :      0.25s CPU      0.28s WALL (       1 calls)

     Called by electrons:
     c_bands      :      2.37s CPU      2.31s WALL (      11 calls)
     sum_band     :      4.16s CPU      3.80s WALL (      11 calls)
     v_of_rho     :      4.32s CPU      4.58s WALL (      12 calls)
     newd         :      2.84s CPU      3.11s WALL (      12 calls)
     mix_rho      :      0.79s CPU      0.95s WALL (      11 calls)

     Called by c_bands:
     init_us_2    :      0.06s CPU      0.06s WALL (      23 calls)
     init_us_2:cp :      0.06s CPU      0.06s WALL (      23 calls)
     cegterg      :      2.30s CPU      2.23s WALL (      11 calls)

     Called by *egterg:
     cdiaghg      :      0.00s CPU      0.00s WALL (      62 calls)
     h_psi        :      2.05s CPU      2.05s WALL (      63 calls)
     s_psi        :      0.07s CPU      0.04s WALL (      63 calls)
     g_psi        :      0.01s CPU      0.01s WALL (      51 calls)

     Called by h_psi:
     h_psi:calbec :      0.06s CPU      0.07s WALL (      63 calls)
     vloc_psi     :      1.91s CPU      1.92s WALL (      63 calls)
     add_vuspsi   :      0.07s CPU      0.05s WALL (      63 calls)

     General routines
     calbec       :      0.08s CPU      0.08s WALL (      78 calls)
     fft          :      3.18s CPU      3.19s WALL (     165 calls)
     ffts         :      0.17s CPU      0.17s WALL (      23 calls)
     fftw         :      1.87s CPU      1.88s WALL (     430 calls)
     interpolate  :      0.40s CPU      0.42s WALL (      12 calls)


     PWSCF        :     16.69s CPU     17.21s WALL


   This run was terminated on:  12:52:13  23Oct2023            

=------------------------------------------------------------------------------=
   JOB DONE.
=------------------------------------------------------------------------------=
