
     Program PWSCF v.7.1 starts on 23Oct2023 at 12:52:30 

     This program is part of the open-source Quantum ESPRESSO suite
     for quantum simulation of materials; please cite
         "P. Giannozzi et al., J. Phys.:Condens. Matter 21 395502 (2009);
         "P. Giannozzi et al., J. Phys.:Condens. Matter 29 465901 (2017);
         "P. Giannozzi et al., J. Chem. Phys. 152 154105 (2020);
          URL http://www.quantum-espresso.org", 
     in publications or presentations arising from this work. More details at
     http://www.quantum-espresso.org/quote

     Serial version
     0 MiB available memory on the printing compute node when the environment starts

     Waiting for input...
     Reading input from standard input
Warning: card &CELL ignored
Warning: card / ignored

     Current dimensions of program PWSCF are:
     Max number of different atomic species (ntypx) = 10
     Max number of k-points (npk) =  40000
     Max angular momentum in pseudopotentials (lmaxx) =  4
     Message from routine setup:
     using ibrav=0 with symmetry is DISCOURAGED, use correct ibrav instead


     G-vector sticks info
     --------------------
     sticks:   dense  smooth     PW     G-vecs:    dense   smooth      PW
     Sum        9085    4537   1129               652671   230389   28671

     Using Slab Decomposition



     bravais-lattice index     =            0
     lattice parameter (alat)  =      18.8973  a.u.
     unit-cell volume          =    6748.3345 (a.u.)^3
     number of atoms/cell      =            3
     number of atomic types    =            2
     number of electrons       =         8.00
     number of Kohn-Sham states=            4
     kinetic-energy cutoff     =      40.0000  Ry
     charge density cutoff     =     320.0000  Ry
     scf convergence threshold =      1.0E-06
     mixing beta               =       0.7000
     number of iterations used =            8  plain     mixing
     Exchange-correlation= PBE
                           (   1   4   3   4   0   0   0)

     celldm(1)=  18.897261  celldm(2)=   0.000000  celldm(3)=   0.000000
     celldm(4)=   0.000000  celldm(5)=   0.000000  celldm(6)=   0.000000

     crystal axes: (cart. coord. in units of alat)
               a(1) = (   1.000000   0.000000   0.000000 )  
               a(2) = (   0.000000   1.000000   0.000000 )  
               a(3) = (   0.000000   0.000000   1.000000 )  

     reciprocal axes: (cart. coord. in units 2 pi/alat)
               b(1) = (  1.000000  0.000000  0.000000 )  
               b(2) = (  0.000000  1.000000  0.000000 )  
               b(3) = (  0.000000  0.000000  1.000000 )  


     PseudoPot. # 1 for H  read from file:
     /Users/genmasahiko/Program/pp/H.pbe-rrkjus_psl.1.0.0.UPF
     MD5 check sum: 3f4114867bd07edc7f1424d066fc1888
     Pseudo is Ultrasoft, Zval =  1.0
     Generated using &quot;atomic&quot; code by A. Dal Corso  v.6.3MaX
     Using radial grid of  929 points,  2 beta functions with: 
                l(1) =   0
                l(2) =   0
     Q(r) pseudized with 0 coefficients 


     PseudoPot. # 2 for O  read from file:
     /Users/genmasahiko/Program/pp/O.pbe-n-rrkjus_psl.1.0.0.UPF
     MD5 check sum: 91400c9766925bcf19f520983a725ff0
     Pseudo is Ultrasoft + core correction, Zval =  6.0
     Generated using &quot;atomic&quot; code by A. Dal Corso  v.6.3MaX
     Using radial grid of 1095 points,  4 beta functions with: 
                l(1) =   0
                l(2) =   0
                l(3) =   1
                l(4) =   1
     Q(r) pseudized with 0 coefficients 


     atomic species   valence    mass     pseudopotential
        H              1.00     1.00800     H ( 1.00)
        O              6.00    15.99900     O ( 1.00)

      2 Sym. Ops. (no inversion) found



   Cartesian axes

     site n.     atom                  positions (alat units)
         1           O   tau(   1) = (  -0.0010000  -0.0006680   0.0000000  )
         2           H   tau(   2) = (   0.0768012   0.0589340   0.0000000  )
         3           H   tau(   3) = (  -0.0768012   0.0589340   0.0000000  )

     number of k points=     1
                       cart. coord. in units 2pi/alat
        k(    1) = (   0.0000000   0.0000000   0.0000000), wk =   2.0000000

     Dense  grid:   652671 G-vectors     FFT dimensions: ( 108, 108, 108)

     Smooth grid:   230389 G-vectors     FFT dimensions: (  80,  80,  80)

     Estimated max dynamical RAM per process >     855.49 MB

     Initial potential from superposition of free atoms

     starting charge       8.0000, renormalised to       8.0000

     negative rho (up, down):  1.463E-03 0.000E+00
     Starting wfcs are    6 randomized atomic wfcs

     total cpu time spent up to now is        1.5 secs

     Self-consistent Calculation

     iteration #  1     ecut=    40.00 Ry     beta= 0.70
     Davidson diagonalization with overlap
     ethr =  1.00E-02,  avg # of iterations =  3.0

     negative rho (up, down):  1.933E-03 0.000E+00

     total cpu time spent up to now is        2.8 secs

     total energy              =     -34.54191589 Ry
     estimated scf accuracy    <       0.49665715 Ry

     iteration #  2     ecut=    40.00 Ry     beta= 0.70
     Davidson diagonalization with overlap
     ethr =  6.21E-03,  avg # of iterations =  4.0

     negative rho (up, down):  2.221E-03 0.000E+00

     total cpu time spent up to now is        4.1 secs

     total energy              =     -34.75758937 Ry
     estimated scf accuracy    <       0.12475191 Ry

     iteration #  3     ecut=    40.00 Ry     beta= 0.70
     Davidson diagonalization with overlap
     ethr =  1.56E-03,  avg # of iterations =  3.0

     negative rho (up, down):  2.452E-03 0.000E+00

     total cpu time spent up to now is        5.4 secs

     total energy              =     -34.76718223 Ry
     estimated scf accuracy    <       0.03216239 Ry

     iteration #  4     ecut=    40.00 Ry     beta= 0.70
     Davidson diagonalization with overlap
     ethr =  4.02E-04,  avg # of iterations =  2.0

     negative rho (up, down):  1.926E-03 0.000E+00

     total cpu time spent up to now is        6.6 secs

     total energy              =     -34.77473882 Ry
     estimated scf accuracy    <       0.00125002 Ry

     iteration #  5     ecut=    40.00 Ry     beta= 0.70
     Davidson diagonalization with overlap
     ethr =  1.56E-05,  avg # of iterations =  7.0

     negative rho (up, down):  1.922E-03 0.000E+00

     total cpu time spent up to now is        8.0 secs

     total energy              =     -34.77642580 Ry
     estimated scf accuracy    <       0.00263555 Ry

     iteration #  6     ecut=    40.00 Ry     beta= 0.70
     Davidson diagonalization with overlap
     ethr =  1.56E-05,  avg # of iterations =  5.0

     negative rho (up, down):  1.906E-03 0.000E+00

     total cpu time spent up to now is        9.4 secs

     total energy              =     -34.77705076 Ry
     estimated scf accuracy    <       0.00003794 Ry

     iteration #  7     ecut=    40.00 Ry     beta= 0.70
     Davidson diagonalization with overlap
     ethr =  4.74E-07,  avg # of iterations =  9.0

     negative rho (up, down):  1.894E-03 0.000E+00

     total cpu time spent up to now is       10.8 secs

     total energy              =     -34.77716030 Ry
     estimated scf accuracy    <       0.00029306 Ry

     iteration #  8     ecut=    40.00 Ry     beta= 0.70
     Davidson diagonalization with overlap
     ethr =  4.74E-07,  avg # of iterations =  2.0

     negative rho (up, down):  1.895E-03 0.000E+00

     total cpu time spent up to now is       12.0 secs

     total energy              =     -34.77708333 Ry
     estimated scf accuracy    <       0.00014312 Ry

     iteration #  9     ecut=    40.00 Ry     beta= 0.70
     Davidson diagonalization with overlap
     ethr =  4.74E-07,  avg # of iterations =  8.0

     negative rho (up, down):  1.905E-03 0.000E+00

     total cpu time spent up to now is       13.5 secs

     total energy              =     -34.77715402 Ry
     estimated scf accuracy    <       0.00006204 Ry

     iteration # 10     ecut=    40.00 Ry     beta= 0.70
     Davidson diagonalization with overlap
     ethr =  4.74E-07,  avg # of iterations =  1.0

     negative rho (up, down):  1.908E-03 0.000E+00

     total cpu time spent up to now is       14.7 secs

     total energy              =     -34.77713760 Ry
     estimated scf accuracy    <       0.00003273 Ry

     iteration # 11     ecut=    40.00 Ry     beta= 0.70
     Davidson diagonalization with overlap
     ethr =  4.09E-07,  avg # of iterations =  5.0

     negative rho (up, down):  1.905E-03 0.000E+00

     total cpu time spent up to now is       16.0 secs

     total energy              =     -34.77715275 Ry
     estimated scf accuracy    <       0.00000490 Ry

     iteration # 12     ecut=    40.00 Ry     beta= 0.70
     Davidson diagonalization with overlap
     ethr =  6.13E-08,  avg # of iterations =  4.0

     negative rho (up, down):  1.903E-03 0.000E+00

     total cpu time spent up to now is       17.3 secs

     total energy              =     -34.77715197 Ry
     estimated scf accuracy    <       0.00000677 Ry

     iteration # 13     ecut=    40.00 Ry     beta= 0.70
     Davidson diagonalization with overlap
     ethr =  6.13E-08,  avg # of iterations =  1.0

     negative rho (up, down):  1.902E-03 0.000E+00

     total cpu time spent up to now is       18.5 secs

     total energy              =     -34.77715126 Ry
     estimated scf accuracy    <       0.00000327 Ry

     iteration # 14     ecut=    40.00 Ry     beta= 0.70
     Davidson diagonalization with overlap
     ethr =  4.09E-08,  avg # of iterations =  2.0

     negative rho (up, down):  1.902E-03 0.000E+00

     total cpu time spent up to now is       19.7 secs

     total energy              =     -34.77715111 Ry
     estimated scf accuracy    <       0.00000109 Ry

     iteration # 15     ecut=    40.00 Ry     beta= 0.70
     Davidson diagonalization with overlap
     ethr =  1.36E-08,  avg # of iterations =  5.0

     negative rho (up, down):  1.903E-03 0.000E+00

     total cpu time spent up to now is       20.9 secs

     End of self-consistent calculation

          k = 0.0000 0.0000 0.0000 ( 28671 PWs)   bands (ev):

   -25.1741 -12.9537  -9.1750  -7.1045

     highest occupied level (ev):    -7.1045

!    total energy              =     -34.77715181 Ry
     estimated scf accuracy    <       0.00000014 Ry

     The total energy is the sum of the following terms:
     one-electron contribution =     -63.24439259 Ry
     hartree contribution      =      33.14184407 Ry
     xc contribution           =      -8.84959275 Ry
     ewald contribution        =       4.17498947 Ry

     convergence has been achieved in  15 iterations

     negative rho (up, down):  1.903E-03 0.000E+00

     Forces acting on atoms (cartesian axes, Ry/au):

     atom    1 type  2   force =     0.02426024   -0.00035082    0.00000000
     atom    2 type  1   force =    -0.01187063   -0.00924695    0.00000000
     atom    3 type  1   force =    -0.01238961    0.00959778    0.00000000

     Total force =     0.032569     Total SCF correction =     0.000533

     Writing all to output data dir ./data/scf.save/

     init_run     :      1.24s CPU      1.46s WALL (       1 calls)
     electrons    :     19.29s CPU     19.46s WALL (       1 calls)
     forces       :      0.94s CPU      0.98s WALL (       1 calls)

     Called by init_run:
     wfcinit      :      0.08s CPU      0.08s WALL (       1 calls)
     potinit      :      0.46s CPU      0.51s WALL (       1 calls)
     hinit0       :      0.24s CPU      0.26s WALL (       1 calls)

     Called by electrons:
     c_bands      :      2.95s CPU      2.86s WALL (      15 calls)
     sum_band     :      5.81s CPU      5.29s WALL (      15 calls)
     v_of_rho     :      5.66s CPU      5.99s WALL (      16 calls)
     newd         :      3.76s CPU      4.11s WALL (      16 calls)
     mix_rho      :      1.10s CPU      1.29s WALL (      15 calls)

     Called by c_bands:
     init_us_2    :      0.08s CPU      0.09s WALL (      31 calls)
     init_us_2:cp :      0.08s CPU      0.09s WALL (      31 calls)
     cegterg      :      2.86s CPU      2.76s WALL (      15 calls)

     Called by *egterg:
     cdiaghg      :      0.00s CPU      0.00s WALL (      76 calls)
     h_psi        :      2.54s CPU      2.53s WALL (      77 calls)
     s_psi        :      0.08s CPU      0.04s WALL (      77 calls)
     g_psi        :      0.02s CPU      0.02s WALL (      61 calls)

     Called by h_psi:
     h_psi:calbec :      0.07s CPU      0.08s WALL (      77 calls)
     vloc_psi     :      2.37s CPU      2.38s WALL (      77 calls)
     add_vuspsi   :      0.08s CPU      0.05s WALL (      77 calls)

     General routines
     calbec       :      0.09s CPU      0.11s WALL (      96 calls)
     fft          :      4.08s CPU      4.09s WALL (     217 calls)
     ffts         :      0.24s CPU      0.24s WALL (      31 calls)
     fftw         :      2.35s CPU      2.36s WALL (     538 calls)
     interpolate  :      0.53s CPU      0.56s WALL (      16 calls)


     PWSCF        :     21.55s CPU     22.04s WALL


   This run was terminated on:  12:52:52  23Oct2023            

=------------------------------------------------------------------------------=
   JOB DONE.
=------------------------------------------------------------------------------=
