
     Program PWSCF v.7.1 starts on 23Oct2023 at 12:55:48 

     This program is part of the open-source Quantum ESPRESSO suite
     for quantum simulation of materials; please cite
         "P. Giannozzi et al., J. Phys.:Condens. Matter 21 395502 (2009);
         "P. Giannozzi et al., J. Phys.:Condens. Matter 29 465901 (2017);
         "P. Giannozzi et al., J. Chem. Phys. 152 154105 (2020);
          URL http://www.quantum-espresso.org", 
     in publications or presentations arising from this work. More details at
     http://www.quantum-espresso.org/quote

     Serial version
     0 MiB available memory on the printing compute node when the environment starts

     Waiting for input...
     Reading input from standard input
Warning: card &CELL ignored
Warning: card / ignored

     Current dimensions of program PWSCF are:
     Max number of different atomic species (ntypx) = 10
     Max number of k-points (npk) =  40000
     Max angular momentum in pseudopotentials (lmaxx) =  4


     G-vector sticks info
     --------------------
     sticks:   dense  smooth     PW     G-vecs:    dense   smooth      PW
     Sum        9085    4537   1129               652671   230389   28671

     Using Slab Decomposition



     bravais-lattice index     =            0
     lattice parameter (alat)  =      18.8973  a.u.
     unit-cell volume          =    6748.3345 (a.u.)^3
     number of atoms/cell      =            3
     number of atomic types    =            2
     number of electrons       =         8.00
     number of Kohn-Sham states=            4
     kinetic-energy cutoff     =      40.0000  Ry
     charge density cutoff     =     320.0000  Ry
     scf convergence threshold =      1.0E-06
     mixing beta               =       0.7000
     number of iterations used =            8  plain     mixing
     Exchange-correlation= PBE
                           (   1   4   3   4   0   0   0)

     celldm(1)=  18.897261  celldm(2)=   0.000000  celldm(3)=   0.000000
     celldm(4)=   0.000000  celldm(5)=   0.000000  celldm(6)=   0.000000

     crystal axes: (cart. coord. in units of alat)
               a(1) = (   1.000000   0.000000   0.000000 )  
               a(2) = (   0.000000   1.000000   0.000000 )  
               a(3) = (   0.000000   0.000000   1.000000 )  

     reciprocal axes: (cart. coord. in units 2 pi/alat)
               b(1) = (  1.000000  0.000000  0.000000 )  
               b(2) = (  0.000000  1.000000  0.000000 )  
               b(3) = (  0.000000  0.000000  1.000000 )  


     PseudoPot. # 1 for H  read from file:
     /Users/genmasahiko/Program/pp/H.pbe-rrkjus_psl.1.0.0.UPF
     MD5 check sum: 3f4114867bd07edc7f1424d066fc1888
     Pseudo is Ultrasoft, Zval =  1.0
     Generated using &quot;atomic&quot; code by A. Dal Corso  v.6.3MaX
     Using radial grid of  929 points,  2 beta functions with: 
                l(1) =   0
                l(2) =   0
     Q(r) pseudized with 0 coefficients 


     PseudoPot. # 2 for O  read from file:
     /Users/genmasahiko/Program/pp/O.pbe-n-rrkjus_psl.1.0.0.UPF
     MD5 check sum: 91400c9766925bcf19f520983a725ff0
     Pseudo is Ultrasoft + core correction, Zval =  6.0
     Generated using &quot;atomic&quot; code by A. Dal Corso  v.6.3MaX
     Using radial grid of 1095 points,  4 beta functions with: 
                l(1) =   0
                l(2) =   0
                l(3) =   1
                l(4) =   1
     Q(r) pseudized with 0 coefficients 


     atomic species   valence    mass     pseudopotential
        H              1.00     1.00800     H ( 1.00)
        O              6.00    15.99900     O ( 1.00)

     No symmetry found



   Cartesian axes

     site n.     atom                  positions (alat units)
         1           O   tau(   1) = (   0.0000000  -0.0006680   0.0000000  )
         2           H   tau(   2) = (   0.0768012   0.0589340  -0.0010000  )
         3           H   tau(   3) = (  -0.0768012   0.0589340   0.0000000  )

     number of k points=     1
                       cart. coord. in units 2pi/alat
        k(    1) = (   0.0000000   0.0000000   0.0000000), wk =   2.0000000

     Dense  grid:   652671 G-vectors     FFT dimensions: ( 108, 108, 108)

     Smooth grid:   230389 G-vectors     FFT dimensions: (  80,  80,  80)

     Estimated max dynamical RAM per process >     855.49 MB

     Initial potential from superposition of free atoms

     starting charge       8.0000, renormalised to       8.0000

     negative rho (up, down):  1.465E-03 0.000E+00
     Starting wfcs are    6 randomized atomic wfcs

     total cpu time spent up to now is        1.6 secs

     Self-consistent Calculation

     iteration #  1     ecut=    40.00 Ry     beta= 0.70
     Davidson diagonalization with overlap
     ethr =  1.00E-02,  avg # of iterations =  3.0

     negative rho (up, down):  1.935E-03 0.000E+00

     total cpu time spent up to now is        2.8 secs

     total energy              =     -34.54223688 Ry
     estimated scf accuracy    <       0.49646958 Ry

     iteration #  2     ecut=    40.00 Ry     beta= 0.70
     Davidson diagonalization with overlap
     ethr =  6.21E-03,  avg # of iterations =  4.0

     negative rho (up, down):  2.222E-03 0.000E+00

     total cpu time spent up to now is        4.2 secs

     total energy              =     -34.75783091 Ry
     estimated scf accuracy    <       0.12467049 Ry

     iteration #  3     ecut=    40.00 Ry     beta= 0.70
     Davidson diagonalization with overlap
     ethr =  1.56E-03,  avg # of iterations =  3.0

     negative rho (up, down):  2.446E-03 0.000E+00

     total cpu time spent up to now is        5.4 secs

     total energy              =     -34.76719005 Ry
     estimated scf accuracy    <       0.03252454 Ry

     iteration #  4     ecut=    40.00 Ry     beta= 0.70
     Davidson diagonalization with overlap
     ethr =  4.07E-04,  avg # of iterations =  2.0

     negative rho (up, down):  1.916E-03 0.000E+00

     total cpu time spent up to now is        6.6 secs

     total energy              =     -34.77487366 Ry
     estimated scf accuracy    <       0.00132545 Ry

     iteration #  5     ecut=    40.00 Ry     beta= 0.70
     Davidson diagonalization with overlap
     ethr =  1.66E-05,  avg # of iterations =  7.0

     negative rho (up, down):  1.924E-03 0.000E+00

     total cpu time spent up to now is        8.0 secs

     total energy              =     -34.77661623 Ry
     estimated scf accuracy    <       0.00287128 Ry

     iteration #  6     ecut=    40.00 Ry     beta= 0.70
     Davidson diagonalization with overlap
     ethr =  1.66E-05,  avg # of iterations =  5.0

     negative rho (up, down):  1.909E-03 0.000E+00

     total cpu time spent up to now is        9.3 secs

     total energy              =     -34.77726489 Ry
     estimated scf accuracy    <       0.00003041 Ry

     iteration #  7     ecut=    40.00 Ry     beta= 0.70
     Davidson diagonalization with overlap
     ethr =  3.80E-07,  avg # of iterations =  9.0

     negative rho (up, down):  1.896E-03 0.000E+00

     total cpu time spent up to now is       10.8 secs

     total energy              =     -34.77739504 Ry
     estimated scf accuracy    <       0.00031859 Ry

     iteration #  8     ecut=    40.00 Ry     beta= 0.70
     Davidson diagonalization with overlap
     ethr =  3.80E-07,  avg # of iterations =  4.0

     negative rho (up, down):  1.898E-03 0.000E+00

     total cpu time spent up to now is       12.1 secs

     total energy              =     -34.77733989 Ry
     estimated scf accuracy    <       0.00013026 Ry

     iteration #  9     ecut=    40.00 Ry     beta= 0.70
     Davidson diagonalization with overlap
     ethr =  3.80E-07,  avg # of iterations =  7.0

     negative rho (up, down):  1.904E-03 0.000E+00

     total cpu time spent up to now is       13.5 secs

     total energy              =     -34.77738064 Ry
     estimated scf accuracy    <       0.00000482 Ry

     iteration # 10     ecut=    40.00 Ry     beta= 0.70
     Davidson diagonalization with overlap
     ethr =  6.02E-08,  avg # of iterations =  4.0

     negative rho (up, down):  1.905E-03 0.000E+00

     total cpu time spent up to now is       14.8 secs

     total energy              =     -34.77737951 Ry
     estimated scf accuracy    <       0.00000770 Ry

     iteration # 11     ecut=    40.00 Ry     beta= 0.70
     Davidson diagonalization with overlap
     ethr =  6.02E-08,  avg # of iterations =  3.0

     negative rho (up, down):  1.906E-03 0.000E+00

     total cpu time spent up to now is       16.0 secs

     End of self-consistent calculation

          k = 0.0000 0.0000 0.0000 ( 28671 PWs)   bands (ev):

   -25.1686 -12.9511  -9.1699  -7.1000

     highest occupied level (ev):    -7.1000

!    total energy              =     -34.77738018 Ry
     estimated scf accuracy    <       0.00000056 Ry

     The total energy is the sum of the following terms:
     one-electron contribution =     -63.24781698 Ry
     hartree contribution      =      33.14684983 Ry
     xc contribution           =      -8.85043817 Ry
     ewald contribution        =       4.17402513 Ry

     convergence has been achieved in  11 iterations

     negative rho (up, down):  1.906E-03 0.000E+00

     Forces acting on atoms (cartesian axes, Ry/au):

     atom    1 type  2   force =     0.00010663   -0.00032874    0.00007204
     atom    2 type  1   force =    -0.00045241    0.00012805   -0.00003613
     atom    3 type  1   force =     0.00034578    0.00020069   -0.00003592

     Total force =     0.000713     Total SCF correction =     0.000470
     SCF correction compared to forces is large: reduce conv_thr to get better values

     Writing all to output data dir ./data/scf.save/

     init_run     :      1.26s CPU      1.50s WALL (       1 calls)
     electrons    :     14.26s CPU     14.55s WALL (       1 calls)
     forces       :      1.01s CPU      1.05s WALL (       1 calls)

     Called by init_run:
     wfcinit      :      0.09s CPU      0.09s WALL (       1 calls)
     potinit      :      0.48s CPU      0.54s WALL (       1 calls)
     hinit0       :      0.26s CPU      0.28s WALL (       1 calls)

     Called by electrons:
     c_bands      :      2.40s CPU      2.35s WALL (      11 calls)
     sum_band     :      3.90s CPU      3.57s WALL (      11 calls)
     v_of_rho     :      4.39s CPU      4.65s WALL (      12 calls)
     newd         :      2.92s CPU      3.29s WALL (      12 calls)
     mix_rho      :      0.79s CPU      0.95s WALL (      11 calls)

     Called by c_bands:
     init_us_2    :      0.06s CPU      0.06s WALL (      23 calls)
     init_us_2:cp :      0.06s CPU      0.06s WALL (      23 calls)
     cegterg      :      2.33s CPU      2.26s WALL (      11 calls)

     Called by *egterg:
     cdiaghg      :      0.00s CPU      0.00s WALL (      62 calls)
     h_psi        :      2.07s CPU      2.07s WALL (      63 calls)
     s_psi        :      0.07s CPU      0.04s WALL (      63 calls)
     g_psi        :      0.01s CPU      0.01s WALL (      51 calls)

     Called by h_psi:
     h_psi:calbec :      0.06s CPU      0.07s WALL (      63 calls)
     vloc_psi     :      1.93s CPU      1.94s WALL (      63 calls)
     add_vuspsi   :      0.07s CPU      0.04s WALL (      63 calls)

     General routines
     calbec       :      0.08s CPU      0.09s WALL (      78 calls)
     fft          :      3.23s CPU      3.24s WALL (     165 calls)
     ffts         :      0.18s CPU      0.18s WALL (      23 calls)
     fftw         :      1.88s CPU      1.89s WALL (     430 calls)
     interpolate  :      0.41s CPU      0.44s WALL (      12 calls)


     PWSCF        :     16.59s CPU     17.22s WALL


   This run was terminated on:  12:56: 6  23Oct2023            

=------------------------------------------------------------------------------=
   JOB DONE.
=------------------------------------------------------------------------------=
