
     Program PWSCF v.7.1 starts on 23Oct2023 at 12:55:31 

     This program is part of the open-source Quantum ESPRESSO suite
     for quantum simulation of materials; please cite
         "P. Giannozzi et al., J. Phys.:Condens. Matter 21 395502 (2009);
         "P. Giannozzi et al., J. Phys.:Condens. Matter 29 465901 (2017);
         "P. Giannozzi et al., J. Chem. Phys. 152 154105 (2020);
          URL http://www.quantum-espresso.org", 
     in publications or presentations arising from this work. More details at
     http://www.quantum-espresso.org/quote

     Serial version
     0 MiB available memory on the printing compute node when the environment starts

     Waiting for input...
     Reading input from standard input
Warning: card &CELL ignored
Warning: card / ignored

     Current dimensions of program PWSCF are:
     Max number of different atomic species (ntypx) = 10
     Max number of k-points (npk) =  40000
     Max angular momentum in pseudopotentials (lmaxx) =  4


     G-vector sticks info
     --------------------
     sticks:   dense  smooth     PW     G-vecs:    dense   smooth      PW
     Sum        9085    4537   1129               652671   230389   28671

     Using Slab Decomposition



     bravais-lattice index     =            0
     lattice parameter (alat)  =      18.8973  a.u.
     unit-cell volume          =    6748.3345 (a.u.)^3
     number of atoms/cell      =            3
     number of atomic types    =            2
     number of electrons       =         8.00
     number of Kohn-Sham states=            4
     kinetic-energy cutoff     =      40.0000  Ry
     charge density cutoff     =     320.0000  Ry
     scf convergence threshold =      1.0E-06
     mixing beta               =       0.7000
     number of iterations used =            8  plain     mixing
     Exchange-correlation= PBE
                           (   1   4   3   4   0   0   0)

     celldm(1)=  18.897261  celldm(2)=   0.000000  celldm(3)=   0.000000
     celldm(4)=   0.000000  celldm(5)=   0.000000  celldm(6)=   0.000000

     crystal axes: (cart. coord. in units of alat)
               a(1) = (   1.000000   0.000000   0.000000 )  
               a(2) = (   0.000000   1.000000   0.000000 )  
               a(3) = (   0.000000   0.000000   1.000000 )  

     reciprocal axes: (cart. coord. in units 2 pi/alat)
               b(1) = (  1.000000  0.000000  0.000000 )  
               b(2) = (  0.000000  1.000000  0.000000 )  
               b(3) = (  0.000000  0.000000  1.000000 )  


     PseudoPot. # 1 for H  read from file:
     /Users/genmasahiko/Program/pp/H.pbe-rrkjus_psl.1.0.0.UPF
     MD5 check sum: 3f4114867bd07edc7f1424d066fc1888
     Pseudo is Ultrasoft, Zval =  1.0
     Generated using &quot;atomic&quot; code by A. Dal Corso  v.6.3MaX
     Using radial grid of  929 points,  2 beta functions with: 
                l(1) =   0
                l(2) =   0
     Q(r) pseudized with 0 coefficients 


     PseudoPot. # 2 for O  read from file:
     /Users/genmasahiko/Program/pp/O.pbe-n-rrkjus_psl.1.0.0.UPF
     MD5 check sum: 91400c9766925bcf19f520983a725ff0
     Pseudo is Ultrasoft + core correction, Zval =  6.0
     Generated using &quot;atomic&quot; code by A. Dal Corso  v.6.3MaX
     Using radial grid of 1095 points,  4 beta functions with: 
                l(1) =   0
                l(2) =   0
                l(3) =   1
                l(4) =   1
     Q(r) pseudized with 0 coefficients 


     atomic species   valence    mass     pseudopotential
        H              1.00     1.00800     H ( 1.00)
        O              6.00    15.99900     O ( 1.00)

     No symmetry found



   Cartesian axes

     site n.     atom                  positions (alat units)
         1           O   tau(   1) = (   0.0000000  -0.0006680   0.0000000  )
         2           H   tau(   2) = (   0.0768012   0.0589340   0.0010000  )
         3           H   tau(   3) = (  -0.0768012   0.0589340   0.0000000  )

     number of k points=     1
                       cart. coord. in units 2pi/alat
        k(    1) = (   0.0000000   0.0000000   0.0000000), wk =   2.0000000

     Dense  grid:   652671 G-vectors     FFT dimensions: ( 108, 108, 108)

     Smooth grid:   230389 G-vectors     FFT dimensions: (  80,  80,  80)

     Estimated max dynamical RAM per process >     855.49 MB

     Initial potential from superposition of free atoms

     starting charge       8.0000, renormalised to       8.0000

     negative rho (up, down):  1.465E-03 0.000E+00
     Starting wfcs are    6 randomized atomic wfcs

     total cpu time spent up to now is        1.5 secs

     Self-consistent Calculation

     iteration #  1     ecut=    40.00 Ry     beta= 0.70
     Davidson diagonalization with overlap
     ethr =  1.00E-02,  avg # of iterations =  3.0

     negative rho (up, down):  1.936E-03 0.000E+00

     total cpu time spent up to now is        2.8 secs

     total energy              =     -34.54219425 Ry
     estimated scf accuracy    <       0.49652065 Ry

     iteration #  2     ecut=    40.00 Ry     beta= 0.70
     Davidson diagonalization with overlap
     ethr =  6.21E-03,  avg # of iterations =  4.0

     negative rho (up, down):  2.222E-03 0.000E+00

     total cpu time spent up to now is        4.1 secs

     total energy              =     -34.75783173 Ry
     estimated scf accuracy    <       0.12470148 Ry

     iteration #  3     ecut=    40.00 Ry     beta= 0.70
     Davidson diagonalization with overlap
     ethr =  1.56E-03,  avg # of iterations =  3.0

     negative rho (up, down):  2.446E-03 0.000E+00

     total cpu time spent up to now is        5.4 secs

     total energy              =     -34.76719000 Ry
     estimated scf accuracy    <       0.03253089 Ry

     iteration #  4     ecut=    40.00 Ry     beta= 0.70
     Davidson diagonalization with overlap
     ethr =  4.07E-04,  avg # of iterations =  2.0

     negative rho (up, down):  1.916E-03 0.000E+00

     total cpu time spent up to now is        6.6 secs

     total energy              =     -34.77487318 Ry
     estimated scf accuracy    <       0.00132541 Ry

     iteration #  5     ecut=    40.00 Ry     beta= 0.70
     Davidson diagonalization with overlap
     ethr =  1.66E-05,  avg # of iterations =  7.0

     negative rho (up, down):  1.923E-03 0.000E+00

     total cpu time spent up to now is        8.0 secs

     total energy              =     -34.77661571 Ry
     estimated scf accuracy    <       0.00287274 Ry

     iteration #  6     ecut=    40.00 Ry     beta= 0.70
     Davidson diagonalization with overlap
     ethr =  1.66E-05,  avg # of iterations =  5.0

     negative rho (up, down):  1.909E-03 0.000E+00

     total cpu time spent up to now is        9.4 secs

     total energy              =     -34.77726492 Ry
     estimated scf accuracy    <       0.00003047 Ry

     iteration #  7     ecut=    40.00 Ry     beta= 0.70
     Davidson diagonalization with overlap
     ethr =  3.81E-07,  avg # of iterations =  9.0

     negative rho (up, down):  1.896E-03 0.000E+00

     total cpu time spent up to now is       10.8 secs

     total energy              =     -34.77739518 Ry
     estimated scf accuracy    <       0.00031861 Ry

     iteration #  8     ecut=    40.00 Ry     beta= 0.70
     Davidson diagonalization with overlap
     ethr =  3.81E-07,  avg # of iterations =  4.0

     negative rho (up, down):  1.898E-03 0.000E+00

     total cpu time spent up to now is       12.1 secs

     total energy              =     -34.77733969 Ry
     estimated scf accuracy    <       0.00012954 Ry

     iteration #  9     ecut=    40.00 Ry     beta= 0.70
     Davidson diagonalization with overlap
     ethr =  3.81E-07,  avg # of iterations =  8.0

     negative rho (up, down):  1.903E-03 0.000E+00

     total cpu time spent up to now is       13.5 secs

     total energy              =     -34.77737920 Ry
     estimated scf accuracy    <       0.00000317 Ry

     iteration # 10     ecut=    40.00 Ry     beta= 0.70
     Davidson diagonalization with overlap
     ethr =  3.96E-08,  avg # of iterations =  5.0

     negative rho (up, down):  1.905E-03 0.000E+00

     total cpu time spent up to now is       14.8 secs

     total energy              =     -34.77737978 Ry
     estimated scf accuracy    <       0.00000658 Ry

     iteration # 11     ecut=    40.00 Ry     beta= 0.70
     Davidson diagonalization with overlap
     ethr =  3.96E-08,  avg # of iterations =  5.0

     negative rho (up, down):  1.905E-03 0.000E+00

     total cpu time spent up to now is       16.0 secs

     End of self-consistent calculation

          k = 0.0000 0.0000 0.0000 ( 28671 PWs)   bands (ev):

   -25.1693 -12.9515  -9.1706  -7.1005

     highest occupied level (ev):    -7.1005

!    total energy              =     -34.77738086 Ry
     estimated scf accuracy    <       0.00000015 Ry

     The total energy is the sum of the following terms:
     one-electron contribution =     -63.24487778 Ry
     hartree contribution      =      33.14321693 Ry
     xc contribution           =      -8.84974515 Ry
     ewald contribution        =       4.17402513 Ry

     convergence has been achieved in  11 iterations

     negative rho (up, down):  1.905E-03 0.000E+00

     Forces acting on atoms (cartesian axes, Ry/au):

     atom    1 type  2   force =     0.00008428   -0.00014079   -0.00003665
     atom    2 type  1   force =    -0.00033208    0.00003857    0.00001789
     atom    3 type  1   force =     0.00024780    0.00010222    0.00001876

     Total force =     0.000461     Total SCF correction =     0.000474
     SCF correction compared to forces is large: reduce conv_thr to get better values

     Writing all to output data dir ./data/scf.save/

     init_run     :      1.24s CPU      1.45s WALL (       1 calls)
     electrons    :     14.28s CPU     14.54s WALL (       1 calls)
     forces       :      1.00s CPU      1.06s WALL (       1 calls)

     Called by init_run:
     wfcinit      :      0.08s CPU      0.08s WALL (       1 calls)
     potinit      :      0.47s CPU      0.53s WALL (       1 calls)
     hinit0       :      0.25s CPU      0.27s WALL (       1 calls)

     Called by electrons:
     c_bands      :      2.49s CPU      2.41s WALL (      11 calls)
     sum_band     :      3.89s CPU      3.55s WALL (      11 calls)
     v_of_rho     :      4.36s CPU      4.62s WALL (      12 calls)
     newd         :      2.90s CPU      3.25s WALL (      12 calls)
     mix_rho      :      0.79s CPU      0.95s WALL (      11 calls)

     Called by c_bands:
     init_us_2    :      0.06s CPU      0.06s WALL (      23 calls)
     init_us_2:cp :      0.06s CPU      0.06s WALL (      23 calls)
     cegterg      :      2.42s CPU      2.34s WALL (      11 calls)

     Called by *egterg:
     cdiaghg      :      0.00s CPU      0.00s WALL (      66 calls)
     h_psi        :      2.14s CPU      2.14s WALL (      67 calls)
     s_psi        :      0.08s CPU      0.03s WALL (      67 calls)
     g_psi        :      0.01s CPU      0.01s WALL (      55 calls)

     Called by h_psi:
     h_psi:calbec :      0.06s CPU      0.07s WALL (      67 calls)
     vloc_psi     :      1.99s CPU      2.00s WALL (      67 calls)
     add_vuspsi   :      0.07s CPU      0.06s WALL (      67 calls)

     General routines
     calbec       :      0.08s CPU      0.09s WALL (      82 calls)
     fft          :      3.21s CPU      3.22s WALL (     165 calls)
     ffts         :      0.17s CPU      0.17s WALL (      23 calls)
     fftw         :      1.94s CPU      1.94s WALL (     444 calls)
     interpolate  :      0.40s CPU      0.43s WALL (      12 calls)


     PWSCF        :     16.59s CPU     17.16s WALL


   This run was terminated on:  12:55:48  23Oct2023            

=------------------------------------------------------------------------------=
   JOB DONE.
=------------------------------------------------------------------------------=
