------------------------------
 ZPE      =          0.5637 (eV)
 Tc       =        371.4978 (K)
 Etot     =    -34.77738016 (Ry)
 Etot+ZPE =    -34.73594903 (Ry)
------------------------------

* Number of imagnary frequency in vibration mode:     5

------- Vibrational Frequency (eV, cm^-) ------
           0.47        3815.44
           0.46        3722.20
           0.19        1511.18
           0.01i        106.56i
           0.02i        150.72i
           0.01          44.36
           0.00i          0.21i
           0.00i          0.21i
           0.00i          0.50i
